
> bindaas-blr@0.0.0 build
> vite build

[36mvite v5.4.19 [32mbuilding for production...[36m[39m
transforming...
Browserslist: browsers data (caniuse-lite) is 9 months old. Please run:
  npx update-browserslist-db@latest
  Why you should do it regularly: https://github.com/browserslist/update-db#readme
[32m✓[39m 68 modules transformed.
[31mx[39m Build failed in 2.30s
[31merror during build:
[31m[vite:esbuild] Transform failed with 1 error:
D:/bengaluru-traffic-pulse/src/components/AirportStationsCard.tsx:226:8: ERROR: Expected "=>" but found ":"[31m
file: [36mD:/bengaluru-traffic-pulse/src/components/AirportStationsCard.tsx:226:8[31m
[33m
[33mExpected "=>" but found ":"[33m
224|  
225|        {hasHeavy ? (
226|        ) : null}
   |          ^
227|      </DataCard>
228|    );
[31m
    at failureErrorWithLog (D:\bengaluru-traffic-pulse\node_modules\esbuild\lib\main.js:1472:15)
    at D:\bengaluru-traffic-pulse\node_modules\esbuild\lib\main.js:755:50
    at responseCallbacks.<computed> (D:\bengaluru-traffic-pulse\node_modules\esbuild\lib\main.js:622:9)
    at handleIncomingPacket (D:\bengaluru-traffic-pulse\node_modules\esbuild\lib\main.js:677:12)
    at Socket.readFromStdout (D:\bengaluru-traffic-pulse\node_modules\esbuild\lib\main.js:600:7)
    at Socket.emit (node:events:518:28)
    at addChunk (node:internal/streams/readable:561:12)
    at readableAddChunkPushByteMode (node:internal/streams/readable:512:3)
    at Readable.push (node:internal/streams/readable:392:5)
    at Pipe.onStreamRead (node:internal/stream_base_commons:189:23)[39m
